MSBuild version 17.14.23+b0019275e for .NET Framework

  log_severity.vcxproj -> C:\pc\3_code\wood\cmake\build\_deps\absl-build\absl\base\Release\absl_log_severity.lib
  raw_logging_internal.vcxproj -> C:\pc\3_code\wood\cmake\build\_deps\absl-build\absl\base\Release\absl_raw_logging_internal.lib
  spinlock_wait.vcxproj -> C:\pc\3_code\wood\cmake\build\_deps\absl-build\absl\base\Release\absl_spinlock_wait.lib
  base.vcxproj -> C:\pc\3_code\wood\cmake\build\_deps\absl-build\absl\base\Release\absl_base.lib
  city.vcxproj -> C:\pc\3_code\wood\cmake\build\_deps\absl-build\absl\hash\Release\absl_city.lib
  civil_time.vcxproj -> C:\pc\3_code\wood\cmake\build\_deps\absl-build\absl\time\Release\absl_civil_time.lib
  crc_cpu_detect.vcxproj -> C:\pc\3_code\wood\cmake\build\_deps\absl-build\absl\crc\Release\absl_crc_cpu_detect.lib
  crc_internal.vcxproj -> C:\pc\3_code\wood\cmake\build\_deps\absl-build\absl\crc\Release\absl_crc_internal.lib
  int128.vcxproj -> C:\pc\3_code\wood\cmake\build\_deps\absl-build\absl\numeric\Release\absl_int128.lib
  throw_delegate.vcxproj -> C:\pc\3_code\wood\cmake\build\_deps\absl-build\absl\base\Release\absl_throw_delegate.lib
  string_view.vcxproj -> C:\pc\3_code\wood\cmake\build\_deps\absl-build\absl\strings\Release\absl_string_view.lib
  strings_internal.vcxproj -> C:\pc\3_code\wood\cmake\build\_deps\absl-build\absl\strings\Release\absl_strings_internal.lib
  strings.vcxproj -> C:\pc\3_code\wood\cmake\build\_deps\absl-build\absl\strings\Release\absl_strings.lib
  str_format_internal.vcxproj -> C:\pc\3_code\wood\cmake\build\_deps\absl-build\absl\strings\Release\absl_str_format_internal.lib
  crc32c.vcxproj -> C:\pc\3_code\wood\cmake\build\_deps\absl-build\absl\crc\Release\absl_crc32c.lib
  crc_cord_state.vcxproj -> C:\pc\3_code\wood\cmake\build\_deps\absl-build\absl\crc\Release\absl_crc_cord_state.lib
  debugging_internal.vcxproj -> C:\pc\3_code\wood\cmake\build\_deps\absl-build\absl\debugging\Release\absl_debugging_internal.lib
  cord_internal.vcxproj -> C:\pc\3_code\wood\cmake\build\_deps\absl-build\absl\strings\Release\absl_cord_internal.lib
  exponential_biased.vcxproj -> C:\pc\3_code\wood\cmake\build\_deps\absl-build\absl\profiling\Release\absl_exponential_biased.lib
  cordz_functions.vcxproj -> C:\pc\3_code\wood\cmake\build\_deps\absl-build\absl\strings\Release\absl_cordz_functions.lib
  utf8_for_code_point.vcxproj -> C:\pc\3_code\wood\cmake\build\_deps\absl-build\absl\debugging\Release\absl_utf8_for_code_point.lib
  decode_rust_punycode.vcxproj -> C:\pc\3_code\wood\cmake\build\_deps\absl-build\absl\debugging\Release\absl_decode_rust_punycode.lib
  demangle_rust.vcxproj -> C:\pc\3_code\wood\cmake\build\_deps\absl-build\absl\debugging\Release\absl_demangle_rust.lib
  demangle_internal.vcxproj -> C:\pc\3_code\wood\cmake\build\_deps\absl-build\absl\debugging\Release\absl_demangle_internal.lib
  malloc_internal.vcxproj -> C:\pc\3_code\wood\cmake\build\_deps\absl-build\absl\base\Release\absl_malloc_internal.lib
  graphcycles_internal.vcxproj -> C:\pc\3_code\wood\cmake\build\_deps\absl-build\absl\synchronization\Release\absl_graphcycles_internal.lib
  time_zone.vcxproj -> C:\pc\3_code\wood\cmake\build\_deps\absl-build\absl\time\Release\absl_time_zone.lib
  time.vcxproj -> C:\pc\3_code\wood\cmake\build\_deps\absl-build\absl\time\Release\absl_time.lib
  kernel_timeout_internal.vcxproj -> C:\pc\3_code\wood\cmake\build\_deps\absl-build\absl\synchronization\Release\absl_kernel_timeout_internal.lib
  stacktrace.vcxproj -> C:\pc\3_code\wood\cmake\build\_deps\absl-build\absl\debugging\Release\absl_stacktrace.lib
  symbolize.vcxproj -> C:\pc\3_code\wood\cmake\build\_deps\absl-build\absl\debugging\Release\absl_symbolize.lib
  tracing_internal.vcxproj -> C:\pc\3_code\wood\cmake\build\_deps\absl-build\absl\base\Release\absl_tracing_internal.lib
  synchronization.vcxproj -> C:\pc\3_code\wood\cmake\build\_deps\absl-build\absl\synchronization\Release\absl_synchronization.lib
  cordz_handle.vcxproj -> C:\pc\3_code\wood\cmake\build\_deps\absl-build\absl\strings\Release\absl_cordz_handle.lib
  cordz_info.vcxproj -> C:\pc\3_code\wood\cmake\build\_deps\absl-build\absl\strings\Release\absl_cordz_info.lib
  cord.vcxproj -> C:\pc\3_code\wood\cmake\build\_deps\absl-build\absl\strings\Release\absl_cord.lib
  examine_stack.vcxproj -> C:\pc\3_code\wood\cmake\build\_deps\absl-build\absl\debugging\Release\absl_examine_stack.lib
  low_level_hash.vcxproj -> C:\pc\3_code\wood\cmake\build\_deps\absl-build\absl\hash\Release\absl_low_level_hash.lib
  hash.vcxproj -> C:\pc\3_code\wood\cmake\build\_deps\absl-build\absl\hash\Release\absl_hash.lib
  log_internal_fnmatch.vcxproj -> C:\pc\3_code\wood\cmake\build\_deps\absl-build\absl\log\Release\absl_log_internal_fnmatch.lib
  vlog_config_internal.vcxproj -> C:\pc\3_code\wood\cmake\build\_deps\absl-build\absl\log\Release\absl_vlog_config_internal.lib
  log_globals.vcxproj -> C:\pc\3_code\wood\cmake\build\_deps\absl-build\absl\log\Release\absl_log_globals.lib
  log_internal_conditions.vcxproj -> C:\pc\3_code\wood\cmake\build\_deps\absl-build\absl\log\Release\absl_log_internal_conditions.lib
  log_internal_globals.vcxproj -> C:\pc\3_code\wood\cmake\build\_deps\absl-build\absl\log\Release\absl_log_internal_globals.lib
  log_internal_format.vcxproj -> C:\pc\3_code\wood\cmake\build\_deps\absl-build\absl\log\Release\absl_log_internal_format.lib
  log_sink.vcxproj -> C:\pc\3_code\wood\cmake\build\_deps\absl-build\absl\log\Release\absl_log_sink.lib
  log_internal_log_sink_set.vcxproj -> C:\pc\3_code\wood\cmake\build\_deps\absl-build\absl\log\Release\absl_log_internal_log_sink_set.lib
  log_internal_nullguard.vcxproj -> C:\pc\3_code\wood\cmake\build\_deps\absl-build\absl\log\Release\absl_log_internal_nullguard.lib
  log_internal_proto.vcxproj -> C:\pc\3_code\wood\cmake\build\_deps\absl-build\absl\log\Release\absl_log_internal_proto.lib
  log_internal_structured_proto.vcxproj -> C:\pc\3_code\wood\cmake\build\_deps\absl-build\absl\log\Release\absl_log_internal_structured_proto.lib
  strerror.vcxproj -> C:\pc\3_code\wood\cmake\build\_deps\absl-build\absl\base\Release\absl_strerror.lib
  log_internal_message.vcxproj -> C:\pc\3_code\wood\cmake\build\_deps\absl-build\absl\log\Release\absl_log_internal_message.lib
  die_if_null.vcxproj -> C:\pc\3_code\wood\cmake\build\_deps\absl-build\absl\log\Release\absl_die_if_null.lib
  flags_commandlineflag_internal.vcxproj -> C:\pc\3_code\wood\cmake\build\_deps\absl-build\absl\flags\Release\absl_flags_commandlineflag_internal.lib
  flags_commandlineflag.vcxproj -> C:\pc\3_code\wood\cmake\build\_deps\absl-build\absl\flags\Release\absl_flags_commandlineflag.lib
  flags_program_name.vcxproj -> C:\pc\3_code\wood\cmake\build\_deps\absl-build\absl\flags\Release\absl_flags_program_name.lib
  flags_config.vcxproj -> C:\pc\3_code\wood\cmake\build\_deps\absl-build\absl\flags\Release\absl_flags_config.lib
  flags_marshalling.vcxproj -> C:\pc\3_code\wood\cmake\build\_deps\absl-build\absl\flags\Release\absl_flags_marshalling.lib
  flags_internal.vcxproj -> C:\pc\3_code\wood\cmake\build\_deps\absl-build\absl\flags\Release\absl_flags_internal.lib
  flags_private_handle_accessor.vcxproj -> C:\pc\3_code\wood\cmake\build\_deps\absl-build\absl\flags\Release\absl_flags_private_handle_accessor.lib
  hashtablez_sampler.vcxproj -> C:\pc\3_code\wood\cmake\build\_deps\absl-build\absl\container\Release\absl_hashtablez_sampler.lib
  raw_hash_set.vcxproj -> C:\pc\3_code\wood\cmake\build\_deps\absl-build\absl\container\Release\absl_raw_hash_set.lib
  flags_reflection.vcxproj -> C:\pc\3_code\wood\cmake\build\_deps\absl-build\absl\flags\Release\absl_flags_reflection.lib
  leak_check.vcxproj -> C:\pc\3_code\wood\cmake\build\_deps\absl-build\absl\debugging\Release\absl_leak_check.lib
  log_initialize.vcxproj -> C:\pc\3_code\wood\cmake\build\_deps\absl-build\absl\log\Release\absl_log_initialize.lib
  log_internal_check_op.vcxproj -> C:\pc\3_code\wood\cmake\build\_deps\absl-build\absl\log\Release\absl_log_internal_check_op.lib
  random_distributions.vcxproj -> C:\pc\3_code\wood\cmake\build\_deps\absl-build\absl\random\Release\absl_random_distributions.lib
  random_internal_platform.vcxproj -> C:\pc\3_code\wood\cmake\build\_deps\absl-build\absl\random\Release\absl_random_internal_platform.lib
  random_internal_randen_hwaes_impl.vcxproj -> C:\pc\3_code\wood\cmake\build\_deps\absl-build\absl\random\Release\absl_random_internal_randen_hwaes_impl.lib
  random_internal_randen_hwaes.vcxproj -> C:\pc\3_code\wood\cmake\build\_deps\absl-build\absl\random\Release\absl_random_internal_randen_hwaes.lib
  random_internal_randen_slow.vcxproj -> C:\pc\3_code\wood\cmake\build\_deps\absl-build\absl\random\Release\absl_random_internal_randen_slow.lib
  random_internal_randen.vcxproj -> C:\pc\3_code\wood\cmake\build\_deps\absl-build\absl\random\Release\absl_random_internal_randen.lib
  random_internal_seed_material.vcxproj -> C:\pc\3_code\wood\cmake\build\_deps\absl-build\absl\random\Release\absl_random_internal_seed_material.lib
  random_seed_gen_exception.vcxproj -> C:\pc\3_code\wood\cmake\build\_deps\absl-build\absl\random\Release\absl_random_seed_gen_exception.lib
  random_internal_entropy_pool.vcxproj -> C:\pc\3_code\wood\cmake\build\_deps\absl-build\absl\random\Release\absl_random_internal_entropy_pool.lib
  random_seed_sequences.vcxproj -> C:\pc\3_code\wood\cmake\build\_deps\absl-build\absl\random\Release\absl_random_seed_sequences.lib
  status.vcxproj -> C:\pc\3_code\wood\cmake\build\_deps\absl-build\absl\status\Release\absl_status.lib
  statusor.vcxproj -> C:\pc\3_code\wood\cmake\build\_deps\absl-build\absl\status\Release\absl_statusor.lib
  utf8_validity.vcxproj -> C:\pc\3_code\wood\cmake\build\_deps\protobuf-build\third_party\utf8_range\Release\libutf8_validity.lib
  libprotobuf.vcxproj -> C:\pc\3_code\wood\cmake\build\_deps\protobuf-build\Release\libprotobuf.lib
  utf8_range.vcxproj -> C:\pc\3_code\wood\cmake\build\_deps\protobuf-build\third_party\utf8_range\Release\libutf8_range.lib
  libupb.vcxproj -> C:\pc\3_code\wood\cmake\build\_deps\protobuf-build\Release\libupb.lib
  libprotoc.vcxproj -> C:\pc\3_code\wood\cmake\build\_deps\protobuf-build\Release\libprotoc.lib
  protoc.vcxproj -> C:\pc\3_code\wood\cmake\build\_deps\protobuf-build\Release\protoc.exe
  proto_objects.vcxproj -> C:\pc\3_code\wood\cmake\build\ext\session_cpp_build\proto_objects.dir\Release\proto_objects.lib
  session_core.vcxproj -> C:\pc\3_code\wood\cmake\build\ext\session_cpp_build\session_core.dir\Release\session_core.lib
  wood.vcxproj -> C:\pc\3_code\wood\cmake\build\Release\wood.exe
